{
  "company": "SpaceX",
  "type": "Contractor",
  "salary": 1000,
  "is_remote_friendly": true
}