{"error":"email already exists","description":"error saving new subscription"}