{"error":"email cannot be empty","description":"subscription is invalid"}