{"error":"mocked repository error","description":"error saving new subscription"}