{"error":"keywords needs to be unique","description":"subscription is invalid"}