{"error":"type value is invalid: invalid","description":"subscription is invalid"}