{
  "email": "person1@example.com",
  "company": "SpaceX",
  "type": "Contractor",
  "salary": 1000,
  "is_remote_friendly": true,
  "keywords": [
    "python",
    "java",
    "python"
  ]
}