[{"title":"Looking for a Sr Java developer","description":"","company":"","location":"USA","salary_min":0,"salary_max":1000,"type":"","keywords":["python","java","golang"],"source":"Avature"},{"title":"Junior Kotlin developer","description":"We need you to make the work.","company":"SpaceX","location":"Argentina","salary_min":2000,"salary_max":3000,"type":"Contractor","is_remote_friendly":true,"keywords":["kotlin","java"],"source":""}]