{"error":"strconv.ParseInt: parsing \"invalid\": invalid syntax","description":"could not parse filter parameters"}