{"error":"mocked external error","description":"error searching for jobs"}