{"error":"mocked job repository error","description":"error searching for jobs"}