{"error":"mocked job repository error","description":"error saving new job"}