{"error":"location and remote-friendly values are incorrect: location=, is_remote_friendly=true","description":"job is not valid"}