{
  "title": "Junior Kotlin developer",
  "description": "We need you to make the work.",
  "company": "SpaceX",
  "loca