{"error":"keywords needs to be unique","description":"job is not valid"}