{"error":"source is not allowed","description":"job is not valid"}