{"error":"unexpected EOF","description":"could not parse job to publish"}