{"error":"title cannot be empty","description":"job is not valid"}