{"error":"fixed/ranged salary is invalid: min=1000, max=10","description":"job is not valid"}