{"error":"type value is invalid: ","description":"job is not valid"}