{
  "title": "Junior Kotlin developer",
  "description": "We need you to make the work.",
  "company": "SpaceX",
  "location": "Argentina",
  "salary_min": 1000,
  "salary_max": 10,
  "type": "Contractor",
  "is_remote_friendly": true,
  "keywords": [
    "kotlin",
    "java"
  ]
}