[{"title":"Looking for a Sr Java developer","description":"","company":"","location":"USA","salary_min":0,"salary_max":1000,"type":"","keywords":["python","java","golang"],"source":"Avature"}]